// Jest Snapshot v1, https://goo.gl/fbAQLP

exports[`extract functions and resource from location strings extracts the information for all different types of locations 1`] = `
Array [
  Array [
    "0xc0ff33",
    Object {
      "address": 65331,
      "columnNumber": null,
      "fileName": null,
      "funcName": "0xc0ff33",
      "host": null,
      "isJS": false,
      "lib": Object {
        "arch": "",
        "breakpadId": "",
        "debugName": "",
        "debugPath": "",
        "end": 13631488,
        "name": "No symbols library",
        "offset": 0,
        "path": "",
        "start": 12582912,
      },
      "libIndex": 0,
      "lineNumber": null,
      "resourceIndex": 1,
      "resourceName": "No symbols library",
      "resourceType": 1,
    },
  ],
  Array [
    "0xe0ff33",
    Object {
      "address": 65331,
      "columnNumber": null,
      "fileName": null,
      "funcName": "0xe0ff33",
      "host": null,
      "isJS": false,
      "lib": Object {
        "arch": "",
        "breakpadId": "",
        "debugName": "",
        "debugPath": "",
        "end": 15728640,
        "name": "No symbols library",
        "offset": 4096,
        "path": "",
        "start": 14684160,
      },
      "libIndex": 1,
      "lineNumber": null,
      "resourceIndex": 2,
      "resourceName": "No symbols library",
      "resourceType": 1,
    },
  ],
  Array [
    "cppFunction1 (in c++ resource name1) + 123",
    Object {
      "address": -1,
      "columnNumber": null,
      "fileName": null,
      "funcName": "cppFunction1",
      "host": null,
      "isJS": false,
      "lib": undefined,
      "libIndex": -1,
      "lineNumber": null,
      "resourceIndex": 3,
      "resourceName": "c++ resource name1",
      "resourceType": 1,
    },
  ],
  Array [
    "cppFunction2 (in c++ resource name2) (234:345)",
    Object {
      "address": -1,
      "columnNumber": null,
      "fileName": null,
      "funcName": "cppFunction2",
      "host": null,
      "isJS": false,
      "lib": undefined,
      "libIndex": -1,
      "lineNumber": null,
      "resourceIndex": 4,
      "resourceName": "c++ resource name2",
      "resourceType": 1,
    },
  ],
  Array [
    "cppFunction3 (in c++ resource name2)",
    Object {
      "address": -1,
      "columnNumber": null,
      "fileName": null,
      "funcName": "cppFunction3",
      "host": null,
      "isJS": false,
      "lib": undefined,
      "libIndex": -1,
      "lineNumber": null,
      "resourceIndex": 4,
      "resourceName": "c++ resource name2",
      "resourceType": 1,
    },
  ],
  Array [
    "jsFunction1 (http://script.com/one.js:456:1)",
    Object {
      "address": -1,
      "columnNumber": 1,
      "fileName": "http://script.com/one.js",
      "funcName": "jsFunction1",
      "host": "script.com",
      "isJS": true,
      "lib": undefined,
      "libIndex": undefined,
      "lineNumber": 456,
      "resourceIndex": 5,
      "resourceName": "http://script.com",
      "resourceType": 3,
    },
  ],
  Array [
    "http://script.com/one.js:456:1",
    Object {
      "address": -1,
      "columnNumber": 1,
      "fileName": "http://script.com/one.js",
      "funcName": "(root scope) http://script.com/one.js",
      "host": "script.com",
      "isJS": true,
      "lib": undefined,
      "libIndex": undefined,
      "lineNumber": 456,
      "resourceIndex": 5,
      "resourceName": "http://script.com",
      "resourceType": 3,
    },
  ],
  Array [
    "moz-extension://bf3bb73c-919c-4fef-95c4-070a19fdaf85/background.js:1:0",
    Object {
      "address": -1,
      "columnNumber": 0,
      "fileName": "moz-extension://bf3bb73c-919c-4fef-95c4-070a19fdaf85/background.js",
      "funcName": "(root scope) moz-extension://bf3bb73c-919c-4fef-95c4-070a19fdaf85/background.js",
      "host": "geckoprofiler@mozilla.com",
      "isJS": true,
      "lib": undefined,
      "libIndex": undefined,
      "lineNumber": 1,
      "resourceIndex": 0,
      "resourceName": "Extension \\"Gecko Profiler\\" (ID: geckoprofiler@mozilla.com)",
      "resourceType": 2,
    },
  ],
  Array [
    "moz-extension://fa2edf9c-c45f-4445-b819-c09e3f2d58d5/content.js:1:0",
    Object {
      "address": -1,
      "columnNumber": 0,
      "fileName": "moz-extension://fa2edf9c-c45f-4445-b819-c09e3f2d58d5/content.js",
      "funcName": "(root scope) moz-extension://fa2edf9c-c45f-4445-b819-c09e3f2d58d5/content.js",
      "host": "geckoprofiler@mozilla.com",
      "isJS": true,
      "lib": undefined,
      "libIndex": undefined,
      "lineNumber": 1,
      "resourceIndex": 0,
      "resourceName": "Extension \\"Gecko Profiler\\" (ID: geckoprofiler@mozilla.com)",
      "resourceType": 2,
    },
  ],
  Array [
    "backgroundFunction (moz-extension://bf3bb73c-919c-4fef-95c4-070a19fdaf85/background.js:2:1)",
    Object {
      "address": -1,
      "columnNumber": 1,
      "fileName": "moz-extension://bf3bb73c-919c-4fef-95c4-070a19fdaf85/background.js",
      "funcName": "backgroundFunction",
      "host": "geckoprofiler@mozilla.com",
      "isJS": true,
      "lib": undefined,
      "libIndex": undefined,
      "lineNumber": 2,
      "resourceIndex": 0,
      "resourceName": "Extension \\"Gecko Profiler\\" (ID: geckoprofiler@mozilla.com)",
      "resourceType": 2,
    },
  ],
  Array [
    "contentfunction (moz-extension://fa2edf9c-c45f-4445-b819-c09e3f2d58d5/content.js:2:1)",
    Object {
      "address": -1,
      "columnNumber": 1,
      "fileName": "moz-extension://fa2edf9c-c45f-4445-b819-c09e3f2d58d5/content.js",
      "funcName": "contentfunction",
      "host": "geckoprofiler@mozilla.com",
      "isJS": true,
      "lib": undefined,
      "libIndex": undefined,
      "lineNumber": 2,
      "resourceIndex": 0,
      "resourceName": "Extension \\"Gecko Profiler\\" (ID: geckoprofiler@mozilla.com)",
      "resourceType": 2,
    },
  ],
  Array [
    "mysterious location",
    Object {
      "address": -1,
      "columnNumber": null,
      "fileName": null,
      "funcName": "mysterious location",
      "host": null,
      "isJS": false,
      "lib": undefined,
      "libIndex": undefined,
      "lineNumber": null,
      "resourceIndex": -1,
      "resourceName": null,
      "resourceType": null,
    },
  ],
]
`;
