// Jest Snapshot v1, https://jestjs.io/docs/snapshot-testing

exports[`CPUGraph matches the 2d canvas draw snapshot 1`] = `
Array [
  Array [
    "set fillStyle",
    "#003eaa",
  ],
  Array [
    "fillRect",
    0,
    6,
    10,
    4,
  ],
  Array [
    "fillRect",
    10,
    0,
    10,
    10,
  ],
  Array [
    "fillRect",
    20,
    5,
    10,
    5,
  ],
  Array [
    "fillRect",
    30,
    9,
    10,
    1,
  ],
  Array [
    "fillRect",
    40,
    8,
    10,
    2,
  ],
  Array [
    "fillRect",
    50,
    2,
    10,
    8,
  ],
  Array [
    "fillRect",
    60,
    7,
    10,
    3,
  ],
  Array [
    "fillRect",
    70,
    10,
    10,
    0,
  ],
  Array [
    "clearRect",
    0,
    0,
    80,
    10,
  ],
  Array [
    "scale",
    1,
    1,
  ],
  Array [
    "scale",
    1,
    1,
  ],
]
`;

exports[`CPUGraph matches the component snapshot 1`] = `
<canvas
  class="threadCPUGraphCanvas threadHeightGraphCanvas"
  height="10"
  width="80"
>
  <h2>
    Stack Graph for 
    Test Track
  </h2>
  <p>
    This graph charts the stack height of each sample.
  </p>
</canvas>
`;
