// Jest Snapshot v1, https://jestjs.io/docs/snapshot-testing

exports[`correctly renders the FooterLinks component 1`] = `
<body>
  <div>
    <div
      class="appFooterLinks"
    >
      <button
        aria-label="Hide footer links"
        class="appFooterLinksClose"
        title="Hide footer links"
        type="button"
      >
        ✕
      </button>
      <a
        class="appFooterLinksLink"
        href="https://www.mozilla.org/about/legal/terms/mozilla"
        rel="noopener noreferrer"
        target="_blank"
      >
        Legal
      </a>
      <a
        class="appFooterLinksLink"
        href="https://www.mozilla.org/privacy/websites"
        rel="noopener noreferrer"
        target="_blank"
      >
        Privacy
      </a>
      <a
        class="appFooterLinksLink"
        href="https://www.mozilla.org/privacy/websites/#cookies"
        rel="noopener noreferrer"
        target="_blank"
      >
        Cookies
      </a>
      <select
        class="appFooterLinksLanguageSwitcher"
        title="Change language"
      >
        <option
          value="be"
        >
          Беларуская
        </option>
        <option
          value="de"
        >
          Deutsch
        </option>
        <option
          value="el"
        >
          Ελληνικά
        </option>
        <option
          value="en-GB"
        >
          English (GB)
        </option>
        <option
          value="en-CA"
        >
          English (CA)
        </option>
        <option
          value="en-US"
        >
          English (US)
        </option>
        <option
          value="es-CL"
        >
          Español
        </option>
        <option
          value="fr"
        >
          Français
        </option>
        <option
          value="fy-NL"
        >
          Frysk
        </option>
        <option
          value="fur"
        >
          Furlan
        </option>
        <option
          value="ia"
        >
          Interlingua
        </option>
        <option
          value="it"
        >
          Italiano
        </option>
        <option
          value="nl"
        >
          Nederlands
        </option>
        <option
          value="pt-BR"
        >
          Português (BR)
        </option>
        <option
          value="ru"
        >
          Русский
        </option>
        <option
          value="sv-SE"
        >
          Svenska
        </option>
        <option
          value="uk"
        >
          Українська
        </option>
        <option
          value="zh-CN"
        >
          简体中文
        </option>
        <option
          value="zh-TW"
        >
          正體中文
        </option>
      </select>
    </div>
  </div>
</body>
`;
