// Jest Snapshot v1, https://jestjs.io/docs/snapshot-testing

exports[`app/KeyboardShortcut matches the snapshot when closed 1`] = `
<div>
  <div
    class="exampleClassName"
  >
    <div>
      Content
    </div>
    <button
      type="button"
    >
      Click me
    </button>
  </div>
  <div
    class="appKeyboardShortcuts"
  >
    <div
      aria-labelledby="AppKeyboardShortcutsHeaderTitle"
      aria-modal="true"
      class="appKeyboardShortcutsBox"
      role="dialog"
      tabindex="0"
    />
  </div>
</div>
`;

exports[`app/KeyboardShortcut matches the snapshot when open 1`] = `
<div>
  <div
    class="exampleClassName appKeyboardShortcutsNoInteract"
  >
    <div>
      Content
    </div>
    <button
      type="button"
    >
      Click me
    </button>
  </div>
  <div
    class="appKeyboardShortcuts open"
  >
    <div
      aria-labelledby="AppKeyboardShortcutsHeaderTitle"
      aria-modal="true"
      class="appKeyboardShortcutsBox"
      role="dialog"
      tabindex="0"
    >
      <div
        class="appKeyboardShortcutsHeader"
      >
        <div
          class="appKeyboardShortcutsHeaderTitle"
          id="AppKeyboardShortcutsHeaderTitle"
        >
          Keyboard shortcuts
        </div>
        <button
          class="appKeyboardShortcutsHeaderClose"
          type="button"
        >
          Close
        </button>
      </div>
      <div
        class="appKeyboardShortcutsContent"
      >
        <div
          class="appKeyboardShortcutsColumn"
        >
          <h2>
            Call Tree
          </h2>
          <div
            class="appKeyboardShortcutsRow"
          >
            <div
              class="appKeyboardShortcutsLabel"
            >
              Close call node
            </div>
            <kbd
              class="appKeyboardShortcutsShortcut"
            >
              ArrowLeft
            </kbd>
          </div>
          <div
            class="appKeyboardShortcutsRow"
          >
            <div
              class="appKeyboardShortcutsLabel"
            >
              Open call node
            </div>
            <kbd
              class="appKeyboardShortcutsShortcut"
            >
              ArrowRight
            </kbd>
          </div>
          <div
            class="appKeyboardShortcutsRow"
          >
            <div
              class="appKeyboardShortcutsLabel"
            >
              Open all child call nodes
            </div>
            <kbd
              class="appKeyboardShortcutsShortcut"
            >
              *
            </kbd>
          </div>
          <div
            class="appKeyboardShortcutsRow"
          >
            <div
              class="appKeyboardShortcutsLabel"
            >
              Copy call node label
            </div>
            <kbd
              class="appKeyboardShortcutsShortcut"
            >
              ctrl
            </kbd>
            <kbd
              class="appKeyboardShortcutsShortcut"
            >
              c
            </kbd>
          </div>
          <h2>
            Flame Graph
          </h2>
          <div
            class="appKeyboardShortcutsRow"
          >
            <div
              class="appKeyboardShortcutsLabel"
            >
              Move view up
            </div>
            <kbd
              class="appKeyboardShortcutsShortcut"
            >
              w
            </kbd>
          </div>
          <div
            class="appKeyboardShortcutsRow"
          >
            <div
              class="appKeyboardShortcutsLabel"
            >
              Move view down
            </div>
            <kbd
              class="appKeyboardShortcutsShortcut"
            >
              s
            </kbd>
          </div>
          <div
            class="appKeyboardShortcutsRow"
          >
            <div
              class="appKeyboardShortcutsLabel"
            >
              Move selection up
            </div>
            <kbd
              class="appKeyboardShortcutsShortcut"
            >
              ArrowUp
            </kbd>
          </div>
          <div
            class="appKeyboardShortcutsRow"
          >
            <div
              class="appKeyboardShortcutsLabel"
            >
              Move selection down
            </div>
            <kbd
              class="appKeyboardShortcutsShortcut"
            >
              ArrowDown
            </kbd>
          </div>
          <div
            class="appKeyboardShortcutsRow"
          >
            <div
              class="appKeyboardShortcutsLabel"
            >
              Move selection left
            </div>
            <kbd
              class="appKeyboardShortcutsShortcut"
            >
              ArrowLeft
            </kbd>
          </div>
          <div
            class="appKeyboardShortcutsRow"
          >
            <div
              class="appKeyboardShortcutsLabel"
            >
              Move selection right
            </div>
            <kbd
              class="appKeyboardShortcutsShortcut"
            >
              ArrowRight
            </kbd>
          </div>
          <div
            class="appKeyboardShortcutsRow"
          >
            <div
              class="appKeyboardShortcutsLabel"
            >
              Copy call node label
            </div>
            <kbd
              class="appKeyboardShortcutsShortcut"
            >
              ctrl
            </kbd>
            <kbd
              class="appKeyboardShortcutsShortcut"
            >
              c
            </kbd>
          </div>
          <h2>
            Marker Table
          </h2>
          <div
            class="appKeyboardShortcutsRow"
          >
            <div
              class="appKeyboardShortcutsLabel"
            >
              Copy marker label
            </div>
            <kbd
              class="appKeyboardShortcutsShortcut"
            >
              ctrl
            </kbd>
            <kbd
              class="appKeyboardShortcutsShortcut"
            >
              c
            </kbd>
          </div>
        </div>
        <div
          class="appKeyboardShortcutsColumn"
        >
          <h2>
            Timeline
          </h2>
          <div
            class="appKeyboardShortcutsRow"
          >
            <div
              class="appKeyboardShortcutsLabel"
            >
              Select multiple threads
            </div>
            <kbd
              class="appKeyboardShortcutsShortcut"
            >
              ctrl
            </kbd>
            <kbd
              class="appKeyboardShortcutsShortcut"
            >
              click
            </kbd>
          </div>
          <h2>
            Call Tree Transforms
          </h2>
          <div
            class="appKeyboardShortcutsRow"
          >
            <div
              class="appKeyboardShortcutsLabel"
            >
              Merge function
            </div>
            <kbd
              class="appKeyboardShortcutsShortcut"
            >
              m
            </kbd>
          </div>
          <div
            class="appKeyboardShortcutsRow"
          >
            <div
              class="appKeyboardShortcutsLabel"
            >
              Merge node only
            </div>
            <kbd
              class="appKeyboardShortcutsShortcut"
            >
              M
            </kbd>
          </div>
          <div
            class="appKeyboardShortcutsRow"
          >
            <div
              class="appKeyboardShortcutsLabel"
            >
              Focus on function
            </div>
            <kbd
              class="appKeyboardShortcutsShortcut"
            >
              f
            </kbd>
          </div>
          <div
            class="appKeyboardShortcutsRow"
          >
            <div
              class="appKeyboardShortcutsLabel"
            >
              Focus on subtree only
            </div>
            <kbd
              class="appKeyboardShortcutsShortcut"
            >
              F
            </kbd>
          </div>
          <div
            class="appKeyboardShortcutsRow"
          >
            <div
              class="appKeyboardShortcutsLabel"
            >
              Collapse function
            </div>
            <kbd
              class="appKeyboardShortcutsShortcut"
            >
              c
            </kbd>
          </div>
          <div
            class="appKeyboardShortcutsRow"
          >
            <div
              class="appKeyboardShortcutsLabel"
            >
              Collapse library
            </div>
            <kbd
              class="appKeyboardShortcutsShortcut"
            >
              C
            </kbd>
          </div>
          <div
            class="appKeyboardShortcutsRow"
          >
            <div
              class="appKeyboardShortcutsLabel"
            >
              Drop samples with this function
            </div>
            <kbd
              class="appKeyboardShortcutsShortcut"
            >
              d
            </kbd>
          </div>
        </div>
      </div>
    </div>
  </div>
</div>
`;
