// Jest Snapshot v1, https://goo.gl/fbAQLP

exports[`MarkerSidebar matches the snapshots when displaying data about the currently selected node 1`] = `
<aside
  class="sidebar sidebar-marker-table"
>
  <div
    class="sidebar-contents-wrapper"
  >
    <div
      class="tooltipMarker"
      style="--tooltip-detail-max-width: 100%;"
    >
      <div
        class="tooltipHeader"
      >
        <div
          class="tooltipOneLine"
        >
          <div
            class="tooltipTiming"
          >
            unknown duration
          </div>
          <div
            class="tooltipTitle"
          >
            IPC — sent to 2222
          </div>
        </div>
      </div>
      <div
        class="tooltipDetails"
      >
        <div
          class="tooltipLabel"
        >
          Type
          :
        </div>
        PContent::Msg_PreferenceUpdate
        <div
          class="tooltipLabel"
        >
          Sync
          :
        </div>
        false
        <div
          class="tooltipLabel"
        >
          From
          :
        </div>
        Empty (Thread ID: 0)
        <div
          class="tooltipLabel"
        >
          Send Thread Latency
          :
        </div>
        unknown
        <div
          class="tooltipLabel"
        >
          IPC Send Duration
          :
        </div>
        unknown
        <div
          class="tooltipLabel"
        >
          IPC Recv Latency
          :
        </div>
        unknown
        <div
          class="tooltipLabel"
        >
          Recv Thread Latency
          :
        </div>
        unknown
        <div
          class="tooltipLabel"
        >
          Thread
          :
        </div>
        Empty
      </div>
    </div>
  </div>
</aside>
`;
