// Jest Snapshot v1, https://jestjs.io/docs/snapshot-testing

exports[`TrackProcessCPU draws a dot that matches the snapshot 1`] = `
<div
  class="timelineTrackCounterGraphDot"
  style="left: 15px; top: 18.6px; background-color: rgb(74, 74, 79);"
/>
`;

exports[`TrackProcessCPU has a tooltip that matches the snapshot 1`] = `
<div
  class="timelineTrackCounterTooltip"
>
  <div
    class="timelineTrackCounterTooltipLine"
  >
    CPU:
     
    <span
      class="timelineTrackCounterTooltipNumber"
    >
      50%
    </span>
  </div>
</div>
`;

exports[`TrackProcessCPU matches the 2d canvas draw snapshot 1`] = `
Array [
  Array [
    "clearRect",
    0,
    0,
    80,
    25,
  ],
  Array [
    "set lineWidth",
    2,
  ],
  Array [
    "set lineJoin",
    "bevel",
  ],
  Array [
    "set strokeStyle",
    "#737373",
  ],
  Array [
    "set fillStyle",
    "#73737388",
  ],
  Array [
    "beginPath",
  ],
  Array [
    "moveTo",
    0,
    26,
  ],
  Array [
    "lineTo",
    15,
    17.866666666666667,
  ],
  Array [
    "lineTo",
    20,
    1,
  ],
  Array [
    "lineTo",
    30,
    1,
  ],
  Array [
    "lineTo",
    40,
    19.4,
  ],
  Array [
    "lineTo",
    50,
    12.5,
  ],
  Array [
    "lineTo",
    60,
    17.1,
  ],
  Array [
    "lineTo",
    70,
    21.7,
  ],
  Array [
    "lineTo",
    80,
    21.7,
  ],
  Array [
    "stroke",
  ],
  Array [
    "lineTo",
    80,
    25,
  ],
  Array [
    "lineTo",
    0,
    25,
  ],
  Array [
    "fill",
  ],
]
`;

exports[`TrackProcessCPU matches the component snapshot 1`] = `
<div
  class="timelineTrackCounter"
  style="--graph-height: 25px; --markers-height: 15px;"
>
  <div
    class="timelineTrackCounterGraph"
  >
    <div>
      <canvas
        class="timelineTrackCounterCanvas"
        height="25"
        width="80"
      />
    </div>
    <div
      class="timelineEmptyThreadIndicator"
    />
  </div>
</div>
`;
