// Jest Snapshot v1, https://jestjs.io/docs/snapshot-testing

exports[`TrackPower draws a dot that matches the snapshot 1`] = `
<div
  class="timelineTrackPowerGraphDot"
  style="left: 15px; top: 24.872px; background-color: rgb(74, 74, 79);"
/>
`;

exports[`TrackPower has a tooltip that matches the snapshot 1`] = `
<div
  class="timelineTrackPowerTooltip"
>
  <div
    class="tooltipDetails"
  >
    <div
      class="tooltipLabel"
    >
      Power
      :
    </div>
    ⁨18.0⁩ W
    <div
      class="tooltipLabel"
    >
      Energy used in the visible range
      :
    </div>
    ⁨8.4⁩ µWh (⁨0.004⁩ mg CO₂e)
  </div>
</div>
`;

exports[`TrackPower matches the 2d canvas draw snapshot 1`] = `
Array [
  Array [
    "clearRect",
    0,
    0,
    120,
    25,
  ],
  Array [
    "set lineWidth",
    2,
  ],
  Array [
    "set lineJoin",
    "bevel",
  ],
  Array [
    "set strokeStyle",
    "#737373",
  ],
  Array [
    "set fillStyle",
    "#73737388",
  ],
  Array [
    "beginPath",
  ],
  Array [
    "moveTo",
    0,
    26,
  ],
  Array [
    "lineTo",
    15,
    24,
  ],
  Array [
    "lineTo",
    20,
    24,
  ],
  Array [
    "lineTo",
    30,
    24,
  ],
  Array [
    "lineTo",
    40,
    15,
  ],
  Array [
    "lineTo",
    50,
    1,
  ],
  Array [
    "lineTo",
    60,
    24,
  ],
  Array [
    "lineTo",
    71,
    20,
  ],
  Array [
    "lineTo",
    71,
    24,
  ],
  Array [
    "lineTo",
    71,
    15,
  ],
  Array [
    "lineTo",
    71,
    18,
  ],
  Array [
    "lineTo",
    110,
    24,
  ],
  Array [
    "lineTo",
    120,
    24,
  ],
  Array [
    "stroke",
  ],
  Array [
    "lineTo",
    120,
    25,
  ],
  Array [
    "lineTo",
    0,
    25,
  ],
  Array [
    "fill",
  ],
]
`;

exports[`TrackPower matches the component snapshot 1`] = `
<div
  class="timelineTrackPower"
  style="height: 25px; --graph-height: 25px;"
>
  <div
    class="timelineTrackPowerGraph"
  >
    <div>
      <canvas
        class="timelineTrackPowerCanvas"
        height="25"
        width="120"
      />
    </div>
    <div
      class="timelineEmptyThreadIndicator"
    />
  </div>
</div>
`;
