// Jest Snapshot v1, https://jestjs.io/docs/snapshot-testing

exports[`timeline/TrackThread matches the 2d canvas draw snapshot 1`] = `
Array [
  Array [
    "set fillStyle",
    "#003eaa",
  ],
  Array [
    "fillRect",
    0,
    0,
    100,
    50,
  ],
  Array [
    "fillRect",
    100,
    0,
    100,
    50,
  ],
  Array [
    "fillRect",
    200,
    0,
    100,
    50,
  ],
  Array [
    "fillRect",
    300,
    0,
    100,
    50,
  ],
  Array [
    "clearRect",
    0,
    0,
    400,
    50,
  ],
  Array [
    "scale",
    1,
    1,
  ],
  Array [
    "scale",
    1,
    1,
  ],
]
`;

exports[`timeline/TrackThread matches the snapshot for the component 1`] = `
<div
  class="timelineTrackThread expanded"
>
  <div
    class="timelineMarkers selected"
    data-testid="TimelineMarkersJank"
  >
    <div
      class="react-contextmenu-wrapper"
    >
      <div>
        <canvas
          class="timelineMarkersCanvas"
          height="50"
          width="400"
        />
      </div>
    </div>
  </div>
  <div
    class="threadStackGraph"
  >
    <canvas
      class="threadStackGraphCanvas threadHeightGraphCanvas"
      height="50"
      width="400"
    >
      <h2>
        Stack Graph for 
        Test Track
      </h2>
      <p>
        This graph charts the stack height of each sample.
      </p>
    </canvas>
  </div>
  <div
    class="timelineEmptyThreadIndicator"
  />
</div>
`;
