// Jest Snapshot v1, https://goo.gl/fbAQLP

exports[`Viewport matches the component snapshot 1`] = `
<div
  className="chartViewport"
  onKeyDown={[Function]}
  onKeyUp={[Function]}
  onMouseDown={[Function]}
  onWheel={[Function]}
  tabIndex={0}
>
  <div
    id="dummy-chart"
  />
  <div
    className="chartViewportShiftScroll hidden"
  >
    Zoom Chart:
    <kbd
      className="chartViewportShiftScrollKbd"
    >
      Shift
    </kbd>
    <kbd
      className="chartViewportShiftScrollKbd"
    >
      Scroll
    </kbd>
  </div>
</div>
`;
