// Jest Snapshot v1, https://jestjs.io/docs/snapshot-testing

exports[`calltree/ZipFileTree clicking on a profile link kicks off the profile loading process when clicked 1`] = `"Loading the profile from the archive..."`;

exports[`calltree/ZipFileTree renders a zip file tree 1`] = `
<section
  class="zipFileViewer"
>
  <div
    class="zipFileViewerSection"
  >
    <header
      class="zipFileViewerHeader"
    >
      <h1>
        Firefox Profiler
      </h1>
      <p>
        Choose a profile from this archive
      </p>
    </header>
    <div
      class="treeView"
    >
      <div
        class="react-contextmenu-wrapper treeViewContextMenu"
      >
        <div
          aria-label="Call tree"
          class="treeViewBody"
          role="tree"
          tabindex="0"
        >
          <div
            class="treeViewBodyInnerWrapper"
          >
            <div
              class="treeViewBodyInner treeViewBodyInner0"
              style="height: 510px;"
            >
              <div
                class="treeViewBodyInner treeViewBodyInner0TopSpacer"
                style="height: 0px;"
              />
              <div
                class="treeViewBodyInner treeViewBodyInner0InnerChunk"
              >
                <div
                  class="treeViewRow treeViewRowFixedColumns even"
                  style="height: 30px; line-height: 30px;"
                />
                <div
                  class="treeViewRow treeViewRowFixedColumns odd"
                  style="height: 30px; line-height: 30px;"
                />
                <div
                  class="treeViewRow treeViewRowFixedColumns even"
                  style="height: 30px; line-height: 30px;"
                />
                <div
                  class="treeViewRow treeViewRowFixedColumns odd"
                  style="height: 30px; line-height: 30px;"
                />
                <div
                  class="treeViewRow treeViewRowFixedColumns even"
                  style="height: 30px; line-height: 30px;"
                />
                <div
                  class="treeViewRow treeViewRowFixedColumns odd"
                  style="height: 30px; line-height: 30px;"
                />
                <div
                  class="treeViewRow treeViewRowFixedColumns even"
                  style="height: 30px; line-height: 30px;"
                />
                <div
                  class="treeViewRow treeViewRowFixedColumns odd"
                  style="height: 30px; line-height: 30px;"
                />
                <div
                  class="treeViewRow treeViewRowFixedColumns even"
                  style="height: 30px; line-height: 30px;"
                />
                <div
                  class="treeViewRow treeViewRowFixedColumns odd"
                  style="height: 30px; line-height: 30px;"
                />
                <div
                  class="treeViewRow treeViewRowFixedColumns even"
                  style="height: 30px; line-height: 30px;"
                />
                <div
                  class="treeViewRow treeViewRowFixedColumns odd"
                  style="height: 30px; line-height: 30px;"
                />
                <div
                  class="treeViewRow treeViewRowFixedColumns even"
                  style="height: 30px; line-height: 30px;"
                />
                <div
                  class="treeViewRow treeViewRowFixedColumns odd"
                  style="height: 30px; line-height: 30px;"
                />
                <div
                  class="treeViewRow treeViewRowFixedColumns even"
                  style="height: 30px; line-height: 30px;"
                />
                <div
                  class="treeViewRow treeViewRowFixedColumns odd"
                  style="height: 30px; line-height: 30px;"
                />
              </div>
            </div>
            <div
              class="treeViewBodyInner treeViewBodyInner1"
              style="height: 510px; min-width: 3000px;"
            >
              <div
                class="treeViewBodyInner treeViewBodyInner1TopSpacer"
                style="height: 0px;"
              />
              <div
                class="treeViewBodyInner treeViewBodyInner1InnerChunk"
              >
                <div
                  aria-expanded="true"
                  aria-level="1"
                  aria-selected="false"
                  class="treeViewRow treeViewRowScrolledColumns even"
                  id="treeViewRow-0"
                  role="treeitem"
                  style="height: 30px; line-height: 30px;"
                >
                  <span
                    class="treeRowIndentSpacer"
                    style="width: 0px;"
                  />
                  <span
                    class="treeRowToggleButton expanded canBeExpanded"
                  />
                  <span
                    class="treeViewRowColumn treeViewMainColumn name"
                  >
                    foo
                  </span>
                </div>
                <div
                  aria-expanded="true"
                  aria-level="2"
                  aria-selected="false"
                  class="treeViewRow treeViewRowScrolledColumns odd"
                  id="treeViewRow-1"
                  role="treeitem"
                  style="height: 30px; line-height: 30px;"
                >
                  <span
                    class="treeRowIndentSpacer"
                    style="width: 15px;"
                  />
                  <span
                    class="treeRowToggleButton expanded canBeExpanded"
                  />
                  <span
                    class="treeViewRowColumn treeViewMainColumn name"
                  >
                    bar
                  </span>
                </div>
                <div
                  aria-level="3"
                  aria-selected="false"
                  class="treeViewRow treeViewRowScrolledColumns even"
                  id="treeViewRow-2"
                  role="treeitem"
                  style="height: 30px; line-height: 30px;"
                >
                  <span
                    class="treeRowIndentSpacer"
                    style="width: 30px;"
                  />
                  <span
                    class="treeRowToggleButton collapsed leaf"
                  />
                  <span
                    class="treeViewRowColumn treeViewMainColumn name"
                  >
                    <a
                      href="http://localhost/from-url//calltree/?file=foo%2Fbar%2Fprofile1.json"
                    >
                      profile1
                    </a>
                  </span>
                </div>
                <div
                  aria-level="2"
                  aria-selected="false"
                  class="treeViewRow treeViewRowScrolledColumns odd"
                  id="treeViewRow-3"
                  role="treeitem"
                  style="height: 30px; line-height: 30px;"
                >
                  <span
                    class="treeRowIndentSpacer"
                    style="width: 15px;"
                  />
                  <span
                    class="treeRowToggleButton collapsed leaf"
                  />
                  <span
                    class="treeViewRowColumn treeViewMainColumn name"
                  >
                    <a
                      href="http://localhost/from-url//calltree/?file=foo%2Fprofile2.json"
                    >
                      profile2
                    </a>
                  </span>
                </div>
                <div
                  aria-expanded="true"
                  aria-level="1"
                  aria-selected="false"
                  class="treeViewRow treeViewRowScrolledColumns even"
                  id="treeViewRow-4"
                  role="treeitem"
                  style="height: 30px; line-height: 30px;"
                >
                  <span
                    class="treeRowIndentSpacer"
                    style="width: 0px;"
                  />
                  <span
                    class="treeRowToggleButton expanded canBeExpanded"
                  />
                  <span
                    class="treeViewRowColumn treeViewMainColumn name"
                  >
                    baz
                  </span>
                </div>
                <div
                  aria-level="2"
                  aria-selected="false"
                  class="treeViewRow treeViewRowScrolledColumns odd"
                  id="treeViewRow-5"
                  role="treeitem"
                  style="height: 30px; line-height: 30px;"
                >
                  <span
                    class="treeRowIndentSpacer"
                    style="width: 15px;"
                  />
                  <span
                    class="treeRowToggleButton collapsed leaf"
                  />
                  <span
                    class="treeViewRowColumn treeViewMainColumn name"
                  >
                    <a
                      href="http://localhost/from-url//calltree/?file=baz%2Fprofile3.json"
                    >
                      profile3
                    </a>
                  </span>
                </div>
                <div
                  aria-expanded="true"
                  aria-level="1"
                  aria-selected="false"
                  class="treeViewRow treeViewRowScrolledColumns even"
                  id="treeViewRow-6"
                  role="treeitem"
                  style="height: 30px; line-height: 30px;"
                >
                  <span
                    class="treeRowIndentSpacer"
                    style="width: 0px;"
                  />
                  <span
                    class="treeRowToggleButton expanded canBeExpanded"
                  />
                  <span
                    class="treeViewRowColumn treeViewMainColumn name"
                  >
                    boat
                  </span>
                </div>
                <div
                  aria-expanded="true"
                  aria-level="2"
                  aria-selected="false"
                  class="treeViewRow treeViewRowScrolledColumns odd"
                  id="treeViewRow-7"
                  role="treeitem"
                  style="height: 30px; line-height: 30px;"
                >
                  <span
                    class="treeRowIndentSpacer"
                    style="width: 15px;"
                  />
                  <span
                    class="treeRowToggleButton expanded canBeExpanded"
                  />
                  <span
                    class="treeViewRowColumn treeViewMainColumn name"
                  >
                    ship
                  </span>
                </div>
                <div
                  aria-expanded="true"
                  aria-level="3"
                  aria-selected="false"
                  class="treeViewRow treeViewRowScrolledColumns even"
                  id="treeViewRow-8"
                  role="treeitem"
                  style="height: 30px; line-height: 30px;"
                >
                  <span
                    class="treeRowIndentSpacer"
                    style="width: 30px;"
                  />
                  <span
                    class="treeRowToggleButton expanded canBeExpanded"
                  />
                  <span
                    class="treeViewRowColumn treeViewMainColumn name"
                  >
                    new
                  </span>
                </div>
                <div
                  aria-expanded="true"
                  aria-level="4"
                  aria-selected="false"
                  class="treeViewRow treeViewRowScrolledColumns odd"
                  id="treeViewRow-9"
                  role="treeitem"
                  style="height: 30px; line-height: 30px;"
                >
                  <span
                    class="treeRowIndentSpacer"
                    style="width: 45px;"
                  />
                  <span
                    class="treeRowToggleButton expanded canBeExpanded"
                  />
                  <span
                    class="treeViewRowColumn treeViewMainColumn name"
                  >
                    anything
                  </span>
                </div>
                <div
                  aria-expanded="true"
                  aria-level="5"
                  aria-selected="false"
                  class="treeViewRow treeViewRowScrolledColumns even"
                  id="treeViewRow-10"
                  role="treeitem"
                  style="height: 30px; line-height: 30px;"
                >
                  <span
                    class="treeRowIndentSpacer"
                    style="width: 60px;"
                  />
                  <span
                    class="treeRowToggleButton expanded canBeExpanded"
                  />
                  <span
                    class="treeViewRowColumn treeViewMainColumn name"
                  >
                    explore
                  </span>
                </div>
                <div
                  aria-expanded="true"
                  aria-level="6"
                  aria-selected="false"
                  class="treeViewRow treeViewRowScrolledColumns odd"
                  id="treeViewRow-11"
                  role="treeitem"
                  style="height: 30px; line-height: 30px;"
                >
                  <span
                    class="treeRowIndentSpacer"
                    style="width: 75px;"
                  />
                  <span
                    class="treeRowToggleButton expanded canBeExpanded"
                  />
                  <span
                    class="treeViewRowColumn treeViewMainColumn name"
                  >
                    yes
                  </span>
                </div>
                <div
                  aria-level="7"
                  aria-selected="false"
                  class="treeViewRow treeViewRowScrolledColumns even"
                  id="treeViewRow-12"
                  role="treeitem"
                  style="height: 30px; line-height: 30px;"
                >
                  <span
                    class="treeRowIndentSpacer"
                    style="width: 90px;"
                  />
                  <span
                    class="treeRowToggleButton collapsed leaf"
                  />
                  <span
                    class="treeViewRowColumn treeViewMainColumn name"
                  >
                    <a
                      href="http://localhost/from-url//calltree/?file=boat%2Fship%2Fnew%2Fanything%2Fexplore%2Fyes%2Fprofile4.json"
                    >
                      profile4
                    </a>
                  </span>
                </div>
                <div
                  aria-expanded="true"
                  aria-level="1"
                  aria-selected="false"
                  class="treeViewRow treeViewRowScrolledColumns odd"
                  id="treeViewRow-13"
                  role="treeitem"
                  style="height: 30px; line-height: 30px;"
                >
                  <span
                    class="treeRowIndentSpacer"
                    style="width: 0px;"
                  />
                  <span
                    class="treeRowToggleButton expanded canBeExpanded"
                  />
                  <span
                    class="treeViewRowColumn treeViewMainColumn name"
                  >
                    not
                  </span>
                </div>
                <div
                  aria-expanded="true"
                  aria-level="2"
                  aria-selected="false"
                  class="treeViewRow treeViewRowScrolledColumns even"
                  id="treeViewRow-14"
                  role="treeitem"
                  style="height: 30px; line-height: 30px;"
                >
                  <span
                    class="treeRowIndentSpacer"
                    style="width: 15px;"
                  />
                  <span
                    class="treeRowToggleButton expanded canBeExpanded"
                  />
                  <span
                    class="treeViewRowColumn treeViewMainColumn name"
                  >
                    a
                  </span>
                </div>
                <div
                  aria-level="3"
                  aria-selected="false"
                  class="treeViewRow treeViewRowScrolledColumns odd"
                  id="treeViewRow-15"
                  role="treeitem"
                  style="height: 30px; line-height: 30px;"
                >
                  <span
                    class="treeRowIndentSpacer"
                    style="width: 30px;"
                  />
                  <span
                    class="treeRowToggleButton collapsed leaf"
                  />
                  <span
                    class="treeViewRowColumn treeViewMainColumn name"
                  >
                    <a
                      href="http://localhost/from-url//calltree/?file=not%2Fa%2Fprofile.pdf"
                    >
                      profile.pdf
                    </a>
                  </span>
                </div>
              </div>
            </div>
          </div>
        </div>
      </div>
    </div>
    <div
      class="dragAndDropOverlayWrapper"
    >
      <div
        class="dragAndDropOverlay"
      >
        Drop a saved profile here
      </div>
    </div>
  </div>
</section>
`;
